
 Fire Dynamics Simulator

 Current Date     : May  7, 2026  08:28:34
 Revision         : FDS-6.10.1-0-g12efa16-release
 Revision Date    : Wed Apr 2 17:38:58 2025 -0400
 Compiler         : Intel(R) Fortran Compiler for applications running on Intel(R) 64, Version 2025.1.0 Build 20250317
 Compilation Date : Fri-04/04/2025-08:57-AM

 Number of MPI Processes:  1
 Number of OpenMP Threads: 4

 MPI version: 3.1
 MPI library version: Intel(R) MPI Library 2021.6 for Windows* OS

 Hypre library version: v2.32.0
 Sundials library version: v6.7.0

 Job TITLE        : SimuFire default simple_house FDS comparison case
 Job ID string    : simufire_simple_house_default


 Grid Dimensions, Mesh     1

   Cells in the X Direction            50
   Cells in the Y Direction            35
   Cells in the Z Direction            12
   Number of Grid Cells             21000


 Physical Dimensions, Mesh     1

   Length (m)                      10.000
   Width  (m)                       7.000
   Height (m)                       2.400

 Miscellaneous Parameters

   Total Number of Grid Cells       21000
   Maximum Cell Aspect Ratio        1.000
   Initial Time Step (s)            0.206
   CFL Velocity Norm                    2
   Simulation Start Time (s)          0.0
   Simulation End Time (s)          260.0
   Background Pressure (Pa)     101325.00
   Ambient Temperature (C)          20.00

   3D Cartesian
   VLES Calculation
   Eddy Viscosity Model:  Deardorff (C_DEARDORFF = 0.10)
   Surface WALL Eddy Viscosity Model:  WALE (C_WALE = 0.60)
   Surface FIRE Eddy Viscosity Model:  WALE (C_WALE = 0.60)
   Turbulent Prandtl Number:         0.50
   Turbulent Schmidt Number:         0.50


 Pressure solver information

   Solver:                            FFT
   Velocity tolerance (m/s):    1.000E-01
   Press eqn res tol (1/s^2):   5.000E+02
   Max pressure iterations:            10


 Background Stratification

      Z (m)     P_0 (Pa)    TMP_0 (C)
   ------------------------------------
        2.30    101298.04     20.00
        2.10    101300.38     20.00
        1.90    101302.73     20.00
        1.70    101305.07     20.00
        1.50    101307.41     20.00
        1.30    101309.76     20.00
        1.10    101312.10     20.00
        0.90    101314.45     20.00
        0.70    101316.79     20.00
        0.50    101319.13     20.00
        0.30    101321.48     20.00
        0.10    101323.82     20.00


 Mass Fraction Transformation Matrix to Convert Species Mixtures (Columns) to Primitive Species (Rows)

                         AIR       PROPANE   PRODUCTS
   NITROGEN              0.762470  0.000000  0.714013
   OXYGEN                0.230997  0.000000  0.000000
   CARBON DIOXIDE        0.000591  0.000000  0.170211
   WATER VAPOR           0.005941  0.000000  0.109420
   CARBON MONOXIDE       0.000000  0.000000  0.001271
   SOOT                  0.000000  0.000000  0.005084
   HYDROGEN              0.000000  0.000000  0.000000
   HYDROGEN CYANIDE      0.000000  0.000000  0.000000
   PROPANE               0.000000  1.000000  0.000000


 Primitive Species Information

   NITROGEN
   Gas Species
   Molecular Weight (g/mol)                28.01340
   Ambient Density (kg/m^3)                1.165
           Enthalpy of Formation (J/kg)  0.000E+00

   OXYGEN
   Gas Species
   Molecular Weight (g/mol)                31.99880
   Ambient Density (kg/m^3)                1.330
           Enthalpy of Formation (J/kg)  0.000E+00

   CARBON DIOXIDE
   Gas Species
   Molecular Weight (g/mol)                44.00950
   Ambient Density (kg/m^3)                1.830
           Enthalpy of Formation (J/kg) -8.941E+06

   WATER VAPOR
   Gas Species
   Molecular Weight (g/mol)                18.01528
   Ambient Density (kg/m^3)                0.749
           Enthalpy of Formation (J/kg) -1.342E+07

   CARBON MONOXIDE
   Gas Species
   Molecular Weight (g/mol)                28.01010
   Ambient Density (kg/m^3)                1.164
           Enthalpy of Formation (J/kg) -3.946E+06

   SOOT
   Gas Species
   Molecular Weight (g/mol)                12.01070
   Ambient Density (kg/m^3)                0.499
           Enthalpy of Formation (J/kg)  0.000E+00

   HYDROGEN
   Gas Species
   Molecular Weight (g/mol)                 2.01588
   Ambient Density (kg/m^3)                0.084
           Enthalpy of Formation (J/kg)  0.000E+00

   HYDROGEN CYANIDE
   Gas Species
   Molecular Weight (g/mol)                27.02534
   Ambient Density (kg/m^3)                1.123
           Enthalpy of Formation (J/kg)  4.924E+06

   PROPANE
   Gas Species
   Molecular Weight (g/mol)                44.09562
   Ambient Density (kg/m^3)                1.833
           Enthalpy of Formation (J/kg) -2.374E+06


 Tracked (Lumped) Species Information

   AIR
   Molecular Weight (g/mol)            28.75198
   Ambient Density (kg/m^3)            1.195
   Initial Mass Fraction               1.000
   Enthalpy of Formation (J/kg)     -8.504E+04

   Sub Species                    Mass Fraction     Mole Fraction
   NITROGEN                       7.624699E-01      7.825727E-01
   OXYGEN                         2.309974E-01      2.075588E-01
   CARBON DIOXIDE                 5.914650E-04      3.864118E-04
   WATER VAPOR                    5.941209E-03      9.482037E-03
 
     Viscosity (kg/m/s) Ambient,  293 K:  1.796E-05
                                  500 K:  2.612E-05
                                 1000 K:  4.125E-05
                                 1500 K:  5.371E-05
                                 2000 K:  6.476E-05
   Therm. Cond. (W/m/K) Ambient,  293 K:  2.556E-02
                                  500 K:  3.814E-02
                                 1000 K:  6.686E-02
                                 1500 K:  9.249E-02
                                 2000 K:  1.153E-01
        Enthalpy (J/kg) Ambient,  293 K: -9.012E+04
                                  500 K:  1.222E+05
                                 1000 K:  6.721E+05
                                 1500 K:  1.270E+06
                                 2000 K:  1.896E+06
    Spec. Heat (J/kg/K) Ambient,  293 K:  1.016E+03
                                  500 K:  1.042E+03
                                 1000 K:  1.156E+03
                                 1500 K:  1.229E+03
                                 2000 K:  1.270E+03
   Diff. Coeff. (m^2/s) Ambient,  293 K:  1.991E-05
                                  500 K:  4.961E-05
                                 1000 K:  1.580E-04
                                 1500 K:  3.095E-04
                                 2000 K:  4.984E-04
     Gibbs Energy Amb. (kJ/mol),  293 K: -5.873E+01
                                  500 K: -1.007E+02
                                 1000 K: -2.117E+02
                                 1500 K: -3.312E+02
                                 2000 K: -4.568E+02

   PROPANE
   Molecular Weight (g/mol)            44.09562
   Ambient Density (kg/m^3)            1.833
   Initial Mass Fraction               0.000
   Enthalpy of Formation (J/kg)     -2.589E+07

   Sub Species                    Mass Fraction     Mole Fraction
   PROPANE                        1.000000E+00      1.000000E+00
 
     Viscosity (kg/m/s) Ambient,  293 K:  8.079E-06
                                  500 K:  1.310E-05
                                 1000 K:  2.234E-05
                                 1500 K:  2.955E-05
                                 2000 K:  3.574E-05
   Therm. Cond. (W/m/K) Ambient,  293 K:  1.821E-02
                                  500 K:  4.581E-02
                                 1000 K:  1.212E-01
                                 1500 K:  1.890E-01
                                 2000 K:  2.465E-01
        Enthalpy (J/kg) Ambient,  293 K: -2.589E+07
                                  500 K: -2.546E+07
                                 1000 K: -2.379E+07
                                 1500 K: -2.161E+07
                                 2000 K: -1.918E+07
    Spec. Heat (J/kg/K) Ambient,  293 K:  1.646E+03
                                  500 K:  2.553E+03
                                 1000 K:  3.960E+03
                                 1500 K:  4.669E+03
                                 2000 K:  5.034E+03
   Diff. Coeff. (m^2/s) Ambient,  293 K:  1.110E-05
                                  500 K:  2.862E-05
                                 1000 K:  9.316E-05
                                 1500 K:  1.833E-04
                                 2000 K:  2.954E-04
     Gibbs Energy Amb. (kJ/mol),  293 K: -1.839E+02
                                  500 K: -2.447E+02
                                 1000 K: -4.295E+02
                                 1500 K: -6.584E+02
                                 2000 K: -9.217E+02

   PRODUCTS
   Molecular Weight (g/mol)            27.85646
   Ambient Density (kg/m^3)            1.158
   Initial Mass Fraction               0.000
   Enthalpy of Formation (J/kg)     -2.996E+06

   Sub Species                    Mass Fraction     Mole Fraction
   NITROGEN                       7.140135E-01      7.100134E-01
   CARBON DIOXIDE                 1.702110E-01      1.077376E-01
   WATER VAPOR                    1.094203E-01      1.691932E-01
   CARBON MONOXIDE                1.271039E-03      1.264067E-03
   SOOT                           5.084156E-03      1.179170E-02
   HYDROGEN CYANIDE               0.000000E+00      0.000000E+00
 
     Viscosity (kg/m/s) Ambient,  293 K:  1.606E-05
                                  500 K:  2.381E-05
                                 1000 K:  3.883E-05
                                 1500 K:  5.133E-05
                                 2000 K:  6.234E-05
   Therm. Cond. (W/m/K) Ambient,  293 K:  2.335E-02
                                  500 K:  3.615E-02
                                 1000 K:  6.724E-02
                                 1500 K:  9.659E-02
                                 2000 K:  1.230E-01
        Enthalpy (J/kg) Ambient,  293 K: -3.001E+06
                                  500 K: -2.770E+06
                                 1000 K: -2.156E+06
                                 1500 K: -1.474E+06
                                 2000 K: -7.500E+05
    Spec. Heat (J/kg/K) Ambient,  293 K:  1.094E+03
                                  500 K:  1.148E+03
                                 1000 K:  1.305E+03
                                 1500 K:  1.413E+03
                                 2000 K:  1.477E+03
   Diff. Coeff. (m^2/s) Ambient,  293 K:  1.961E-05
                                  500 K:  4.981E-05
                                 1000 K:  1.609E-04
                                 1500 K:  3.165E-04
                                 2000 K:  5.105E-04
     Gibbs Energy Amb. (kJ/mol),  293 K: -1.505E+02
                                  500 K: -1.924E+02
                                 1000 K: -3.043E+02
                                 1500 K: -4.257E+02
                                 2000 K: -5.540E+02


 Gas Phase Reaction Information

   Solver Details:  

      ODE Solver:  EXPLICIT EULER

      Fuel                                           Heat of Combustion (kJ/kg)
      PROPANE                                                        20000.0000
      EPUMO2:                                                         5875.8154

      Primitive Species Stoich. Coeff.
      Species ID                                                          Molar
      OXYGEN                                                          -4.690548
      CARBON DIOXIDE                                                   2.674806
      WATER VAPOR                                                      4.000000
      CARBON MONOXIDE                                                  0.031486
      SOOT                                                             0.293709
      PROPANE                                                         -1.000000

      Tracked (Lumped) Species Stoich. Coeff.
      Species ID                                             Molar         Mass
      AIR                                               -22.598646   -14.735157
      PROPANE                                            -1.000000    -1.000000
      PRODUCTS                                           24.908098    15.735157

      Reaction Kinetics

      Fast chemistry

      Extinction Model:  EXTINCTION 1
      Auto-Ignition Temperature (C):            -273.1
      Critical Flame Temperature (C):           1447.0

      Prescribed Radiative Fraction:             0.290


 Material Information


 Surface Conditions

   0 INERT

   1 WALL (DEFAULT)

   2 FIRE
     HRR Per Unit Area (kW/m2)       3000.0
     PROPANE Mass Flux (kg/s/m2)   1.500E-01

   3 OPEN
     Passive Vent to Atmosphere

   4 MIRROR
     Symmetry Plane

   5 INTERPOLATED

   6 PERIODIC

   7 HVAC

   8 MASSLESS TRACER

   9 DROPLET

  10 MASSLESS TARGET

  11 PERIODIC FLOW ONLY


 Lagrangian Particle Classes


 Cut-off Density and Temperature

    Minimum Temperature:  -259.1 C
    Maximum Temperature:  2726.8 C
    Minimum Density:  1.195E-01 kg/m3
    Maximum Density:  7.677E+01 kg/m3


 Device Information

   1 ID: Salon_T_upper
     QUANTITY: TEMPERATURE
     Coordinates (X,Y,Z):    2.500000E+00    2.000000E+00    2.100000E+00
     TEMPORAL STATISTIC: TIME AVERAGE
   2 ID: Salon_T_lower
     QUANTITY: TEMPERATURE
     Coordinates (X,Y,Z):    2.500000E+00    2.000000E+00    6.000000E-01
     TEMPORAL STATISTIC: TIME AVERAGE
   3 ID: Salon_O2_pct
     QUANTITY: VOLUME FRACTION
     Species ID: OXYGEN
     Coordinates (X,Y,Z):    2.500000E+00    2.000000E+00    1.600000E+00
     TEMPORAL STATISTIC: TIME AVERAGE
   4 ID: Salon_CO_pct
     QUANTITY: VOLUME FRACTION
     Species ID: CARBON MONOXIDE
     Coordinates (X,Y,Z):    2.500000E+00    2.000000E+00    1.600000E+00
     TEMPORAL STATISTIC: TIME AVERAGE
   5 ID: Salon_CO2_pct
     QUANTITY: VOLUME FRACTION
     Species ID: CARBON DIOXIDE
     Coordinates (X,Y,Z):    2.500000E+00    2.000000E+00    1.600000E+00
     TEMPORAL STATISTIC: TIME AVERAGE
   6 ID: Salon_visibility_m
     QUANTITY: VISIBILITY
     Species ID: SOOT
     Coordinates (X,Y,Z):    2.500000E+00    2.000000E+00    1.600000E+00
     TEMPORAL STATISTIC: TIME AVERAGE
   7 ID: Pasillo_T_upper
     QUANTITY: TEMPERATURE
     Coordinates (X,Y,Z):    5.750000E+00    3.500000E+00    2.100000E+00
     TEMPORAL STATISTIC: TIME AVERAGE
   8 ID: Pasillo_T_lower
     QUANTITY: TEMPERATURE
     Coordinates (X,Y,Z):    5.750000E+00    3.500000E+00    6.000000E-01
     TEMPORAL STATISTIC: TIME AVERAGE
   9 ID: Pasillo_O2_pct
     QUANTITY: VOLUME FRACTION
     Species ID: OXYGEN
     Coordinates (X,Y,Z):    5.750000E+00    3.500000E+00    1.600000E+00
     TEMPORAL STATISTIC: TIME AVERAGE
  10 ID: Pasillo_CO_pct
     QUANTITY: VOLUME FRACTION
     Species ID: CARBON MONOXIDE
     Coordinates (X,Y,Z):    5.750000E+00    3.500000E+00    1.600000E+00
     TEMPORAL STATISTIC: TIME AVERAGE
  11 ID: Pasillo_CO2_pct
     QUANTITY: VOLUME FRACTION
     Species ID: CARBON DIOXIDE
     Coordinates (X,Y,Z):    5.750000E+00    3.500000E+00    1.600000E+00
     TEMPORAL STATISTIC: TIME AVERAGE
  12 ID: Pasillo_visibility_m
     QUANTITY: VISIBILITY
     Species ID: SOOT
     Coordinates (X,Y,Z):    5.750000E+00    3.500000E+00    1.600000E+00
     TEMPORAL STATISTIC: TIME AVERAGE
  13 ID: Dormitorio1_T_upper
     QUANTITY: TEMPERATURE
     Coordinates (X,Y,Z):    8.250000E+00    1.500000E+00    2.100000E+00
     TEMPORAL STATISTIC: TIME AVERAGE
  14 ID: Dormitorio1_T_lower
     QUANTITY: TEMPERATURE
     Coordinates (X,Y,Z):    8.250000E+00    1.500000E+00    6.000000E-01
     TEMPORAL STATISTIC: TIME AVERAGE
  15 ID: Dormitorio1_O2_pct
     QUANTITY: VOLUME FRACTION
     Species ID: OXYGEN
     Coordinates (X,Y,Z):    8.250000E+00    1.500000E+00    1.600000E+00
     TEMPORAL STATISTIC: TIME AVERAGE
  16 ID: Dormitorio1_CO_pct
     QUANTITY: VOLUME FRACTION
     Species ID: CARBON MONOXIDE
     Coordinates (X,Y,Z):    8.250000E+00    1.500000E+00    1.600000E+00
     TEMPORAL STATISTIC: TIME AVERAGE
  17 ID: Dormitorio1_CO2_pct
     QUANTITY: VOLUME FRACTION
     Species ID: CARBON DIOXIDE
     Coordinates (X,Y,Z):    8.250000E+00    1.500000E+00    1.600000E+00
     TEMPORAL STATISTIC: TIME AVERAGE
  18 ID: Dormitorio1_visibility_m
     QUANTITY: VISIBILITY
     Species ID: SOOT
     Coordinates (X,Y,Z):    8.250000E+00    1.500000E+00    1.600000E+00
     TEMPORAL STATISTIC: TIME AVERAGE
  19 ID: Dormitorio2_T_upper
     QUANTITY: TEMPERATURE
     Coordinates (X,Y,Z):    8.250000E+00    4.000000E+00    2.100000E+00
     TEMPORAL STATISTIC: TIME AVERAGE
  20 ID: Dormitorio2_T_lower
     QUANTITY: TEMPERATURE
     Coordinates (X,Y,Z):    8.250000E+00    4.000000E+00    6.000000E-01
     TEMPORAL STATISTIC: TIME AVERAGE
  21 ID: Dormitorio2_O2_pct
     QUANTITY: VOLUME FRACTION
     Species ID: OXYGEN
     Coordinates (X,Y,Z):    8.250000E+00    4.000000E+00    1.600000E+00
     TEMPORAL STATISTIC: TIME AVERAGE
  22 ID: Dormitorio2_CO_pct
     QUANTITY: VOLUME FRACTION
     Species ID: CARBON MONOXIDE
     Coordinates (X,Y,Z):    8.250000E+00    4.000000E+00    1.600000E+00
     TEMPORAL STATISTIC: TIME AVERAGE
  23 ID: Dormitorio2_CO2_pct
     QUANTITY: VOLUME FRACTION
     Species ID: CARBON DIOXIDE
     Coordinates (X,Y,Z):    8.250000E+00    4.000000E+00    1.600000E+00
     TEMPORAL STATISTIC: TIME AVERAGE
  24 ID: Dormitorio2_visibility_m
     QUANTITY: VISIBILITY
     Species ID: SOOT
     Coordinates (X,Y,Z):    8.250000E+00    4.000000E+00    1.600000E+00
     TEMPORAL STATISTIC: TIME AVERAGE
  25 ID: Cocina_T_upper
     QUANTITY: TEMPERATURE
     Coordinates (X,Y,Z):    2.500000E+00    5.500000E+00    2.100000E+00
     TEMPORAL STATISTIC: TIME AVERAGE
  26 ID: Cocina_T_lower
     QUANTITY: TEMPERATURE
     Coordinates (X,Y,Z):    2.500000E+00    5.500000E+00    6.000000E-01
     TEMPORAL STATISTIC: TIME AVERAGE
  27 ID: Cocina_O2_pct
     QUANTITY: VOLUME FRACTION
     Species ID: OXYGEN
     Coordinates (X,Y,Z):    2.500000E+00    5.500000E+00    1.600000E+00
     TEMPORAL STATISTIC: TIME AVERAGE
  28 ID: Cocina_CO_pct
     QUANTITY: VOLUME FRACTION
     Species ID: CARBON MONOXIDE
     Coordinates (X,Y,Z):    2.500000E+00    5.500000E+00    1.600000E+00
     TEMPORAL STATISTIC: TIME AVERAGE
  29 ID: Cocina_CO2_pct
     QUANTITY: VOLUME FRACTION
     Species ID: CARBON DIOXIDE
     Coordinates (X,Y,Z):    2.500000E+00    5.500000E+00    1.600000E+00
     TEMPORAL STATISTIC: TIME AVERAGE
  30 ID: Cocina_visibility_m
     QUANTITY: VISIBILITY
     Species ID: SOOT
     Coordinates (X,Y,Z):    2.500000E+00    5.500000E+00    1.600000E+00
     TEMPORAL STATISTIC: TIME AVERAGE
  31 ID: Bano_T_upper
     QUANTITY: TEMPERATURE
     Coordinates (X,Y,Z):    8.250000E+00    6.000000E+00    2.100000E+00
     TEMPORAL STATISTIC: TIME AVERAGE
  32 ID: Bano_T_lower
     QUANTITY: TEMPERATURE
     Coordinates (X,Y,Z):    8.250000E+00    6.000000E+00    6.000000E-01
     TEMPORAL STATISTIC: TIME AVERAGE
  33 ID: Bano_O2_pct
     QUANTITY: VOLUME FRACTION
     Species ID: OXYGEN
     Coordinates (X,Y,Z):    8.250000E+00    6.000000E+00    1.600000E+00
     TEMPORAL STATISTIC: TIME AVERAGE
  34 ID: Bano_CO_pct
     QUANTITY: VOLUME FRACTION
     Species ID: CARBON MONOXIDE
     Coordinates (X,Y,Z):    8.250000E+00    6.000000E+00    1.600000E+00
     TEMPORAL STATISTIC: TIME AVERAGE
  35 ID: Bano_CO2_pct
     QUANTITY: VOLUME FRACTION
     Species ID: CARBON DIOXIDE
     Coordinates (X,Y,Z):    8.250000E+00    6.000000E+00    1.600000E+00
     TEMPORAL STATISTIC: TIME AVERAGE
  36 ID: Bano_visibility_m
     QUANTITY: VISIBILITY
     Species ID: SOOT
     Coordinates (X,Y,Z):    8.250000E+00    6.000000E+00    1.600000E+00
     TEMPORAL STATISTIC: TIME AVERAGE


 Slice File Information, Mesh     1

   1 Nodes:   0  50   0  35   8   8, Quantity: TEMPERATURE
   2 Nodes:   0  50   0  35   8   8, Quantity: U-VELOCITY
   3 Nodes:   0  50   0  35   8   8, Quantity: V-VELOCITY
   4 Nodes:   0  50   0  35   8   8, Quantity: W-VELOCITY
   5 Nodes:   0  50   0  35   8   8, Quantity: OXYGEN VOLUME FRACTION
   6 Nodes:   0  50   0  35   8   8, Quantity: CARBON MONOXIDE VOLUME FRACTION
   7 Nodes:   0  50   0  35   8   8, Quantity: CARBON DIOXIDE VOLUME FRACTION
   8 Nodes:   0  50   0  35   8   8, Quantity: SOOT VISIBILITY
   9 Nodes:   0  50   0  35   8   8, Quantity: VELOCITY
  10 Nodes:   0  50   0  35   8   8, Quantity: U-VELOCITY
  11 Nodes:   0  50   0  35   8   8, Quantity: V-VELOCITY
  12 Nodes:   0  50   0  35   8   8, Quantity: W-VELOCITY
  13 Nodes:   0  50  18  18   0  12, Quantity: TEMPERATURE
  14 Nodes:   0  50  18  18   0  12, Quantity: U-VELOCITY
  15 Nodes:   0  50  18  18   0  12, Quantity: V-VELOCITY
  16 Nodes:   0  50  18  18   0  12, Quantity: W-VELOCITY
  17 Nodes:   0  50  18  18   0  12, Quantity: SOOT VISIBILITY
  18 Nodes:   0  50  18  18   0  12, Quantity: VELOCITY
  19 Nodes:   0  50  18  18   0  12, Quantity: U-VELOCITY
  20 Nodes:   0  50  18  18   0  12, Quantity: V-VELOCITY
  21 Nodes:   0  50  18  18   0  12, Quantity: W-VELOCITY


 Radiation Model Information

   Number of control angles  104
   Time step increment         3
   Angle increment             5
   Theta band N_phi   Solid angle
     1:        4     0.120
     2:       12     0.114
     3:       16     0.127
     4:       20     0.120
     5:       20     0.120
     6:       16     0.127
     7:       12     0.114
     8:        4     0.120
   Using gray gas absorption.
   Mean beam length  1.000E-01 m


 Pressure Zone Information

   1 Volume: 1.5710E+02 m3, Cells: 19637, Mesh: 1, Indices: (50,35,12)
 
 

 Run Time Diagnostics

       Time Step        1   May  7, 2026  08:28:34
       Step Size:  0.206E+00 s, Total Time:    0.20613 s
       Pressure Iterations: 1
       Maximum Velocity Error:  0.19E-02 on Mesh 1 at (33,18,3)
       Maximum Pressure Error:  0.16E-05 on Mesh 1 at (22,22,11)
       ---------------------------------------------------------------
       Max CFL number:  0.26E-01 at (19,16,3)
       Max divergence:  0.18E-05 at (17,23,2)
       Min divergence: -0.22E-04 at (10,6,2)
       Max VN number :  0.36E-01 at (47,25,9)
 
       Time Step        2   May  7, 2026  08:28:34
       Step Size:  0.206E+00 s, Total Time:    0.41225 s
       Pressure Iterations: 1
       Maximum Velocity Error:  0.15E-02 on Mesh 1 at (33,18,3)
       Maximum Pressure Error:  0.28E-05 on Mesh 1 at (10,6,2)
       ---------------------------------------------------------------
       Max CFL number:  0.26E-01 at (19,16,3)
       Max divergence:  0.66E-02 at (6,9,2)
       Min divergence: -0.72E-05 at (22,1,11)
       Max VN number :  0.28E-01 at (32,27,11)
 
       Time Step        3   May  7, 2026  08:28:34
       Step Size:  0.206E+00 s, Total Time:    0.61838 s
       Pressure Iterations: 1
       Maximum Velocity Error:  0.78E-03 on Mesh 1 at (26,8,10)
       Maximum Pressure Error:  0.34E-04 on Mesh 1 at (6,6,2)
       ---------------------------------------------------------------
       Max CFL number:  0.26E-01 at (19,16,3)
       Max divergence:  0.15E-01 at (6,9,2)
       Min divergence: -0.12E-04 at (22,1,11)
       Max VN number :  0.27E-01 at (32,27,11)
 
       Time Step        4   May  7, 2026  08:28:34
       Step Size:  0.206E+00 s, Total Time:    0.82451 s
       Pressure Iterations: 1
       Maximum Velocity Error:  0.36E-03 on Mesh 1 at (6,9,1)
       Maximum Pressure Error:  0.34E-03 on Mesh 1 at (6,9,2)
       ---------------------------------------------------------------
       Max CFL number:  0.26E-01 at (19,16,3)
       Max divergence:  0.17E-01 at (6,9,2)
       Min divergence: -0.18E-04 at (22,1,11)
       Max VN number :  0.27E-01 at (32,27,11)
 
       Time Step        5   May  7, 2026  08:28:34
       Step Size:  0.206E+00 s, Total Time:    1.03063 s
       Pressure Iterations: 1
       Maximum Velocity Error:  0.35E-03 on Mesh 1 at (10,6,1)
       Maximum Pressure Error:  0.12E-03 on Mesh 1 at (10,9,2)
       ---------------------------------------------------------------
       Max CFL number:  0.26E-01 at (19,16,3)
       Max divergence:  0.21E-01 at (8,9,2)
       Min divergence: -0.24E-04 at (22,1,11)
       Max VN number :  0.27E-01 at (32,27,11)
 
       Time Step        6   May  7, 2026  08:28:34
       Step Size:  0.206E+00 s, Total Time:    1.23676 s
       Pressure Iterations: 1
       Maximum Velocity Error:  0.44E-03 on Mesh 1 at (10,7,1)
       Maximum Pressure Error:  0.71E-03 on Mesh 1 at (8,9,2)
       ---------------------------------------------------------------
       Max CFL number:  0.26E-01 at (6,5,2)
       Max divergence:  0.27E-01 at (8,9,2)
       Min divergence: -0.31E-04 at (22,1,11)
       Max VN number :  0.27E-01 at (32,27,11)
 
       Time Step        7   May  7, 2026  08:28:34
       Step Size:  0.206E+00 s, Total Time:    1.44289 s
       Pressure Iterations: 1
       Maximum Velocity Error:  0.54E-03 on Mesh 1 at (8,9,1)
       Maximum Pressure Error:  0.13E-02 on Mesh 1 at (8,9,2)
       ---------------------------------------------------------------
       Max CFL number:  0.32E-01 at (6,5,2)
       Max divergence:  0.34E-01 at (8,9,2)
       Min divergence: -0.39E-04 at (22,1,11)
       Max VN number :  0.27E-01 at (32,27,11)
 
       Time Step        8   May  7, 2026  08:28:34
       Step Size:  0.206E+00 s, Total Time:    1.64901 s
       Pressure Iterations: 1
       Maximum Velocity Error:  0.73E-03 on Mesh 1 at (8,9,1)
       Maximum Pressure Error:  0.33E-02 on Mesh 1 at (8,9,2)
       ---------------------------------------------------------------
       Max CFL number:  0.42E-01 at (6,9,2)
       Max divergence:  0.41E-01 at (8,6,2)
       Min divergence: -0.46E-04 at (22,1,11)
       Max VN number :  0.27E-01 at (32,27,11)
 
       Time Step        9   May  7, 2026  08:28:34
       Step Size:  0.206E+00 s, Total Time:    1.85514 s
       Pressure Iterations: 1
       Maximum Velocity Error:  0.91E-03 on Mesh 1 at (8,9,1)
       Maximum Pressure Error:  0.50E-02 on Mesh 1 at (8,9,2)
       ---------------------------------------------------------------
       Max CFL number:  0.57E-01 at (6,9,2)
       Max divergence:  0.49E-01 at (8,6,2)
       Min divergence: -0.54E-04 at (22,1,11)
       Max VN number :  0.27E-01 at (32,27,11)
 
       Time Step       10   May  7, 2026  08:28:34
       Step Size:  0.206E+00 s, Total Time:    2.06127 s
       Pressure Iterations: 1
       Maximum Velocity Error:  0.12E-02 on Mesh 1 at (10,7,1)
       Maximum Pressure Error:  0.10E-01 on Mesh 1 at (8,6,2)
       ---------------------------------------------------------------
       Max CFL number:  0.77E-01 at (6,9,2)
       Max divergence:  0.54E-01 at (8,6,2)
       Min divergence: -0.60E-04 at (22,1,11)
       Max VN number :  0.27E-01 at (32,27,11)
 
       Time Step       20   May  7, 2026  08:28:35
       Step Size:  0.206E+00 s, Total Time:    4.12253 s
       Pressure Iterations: 1
       Maximum Velocity Error:  0.53E-02 on Mesh 1 at (9,8,1)
       Maximum Pressure Error:  0.83E-01 on Mesh 1 at (8,7,2)
       ---------------------------------------------------------------
       Max CFL number:  0.51E+00 at (9,8,2)
       Max divergence:  0.54E-01 at (8,5,2)
       Min divergence: -0.97E-03 at (6,9,4)
       Max VN number :  0.99E-01 at (9,8,2)
 
       Time Step       30   May  7, 2026  08:28:36
       Step Size:  0.110E+00 s, Total Time:    5.71070 s
       Pressure Iterations: 1
       Maximum Velocity Error:  0.28E-02 on Mesh 1 at (8,8,1)
       Maximum Pressure Error:  0.42E+00 on Mesh 1 at (8,7,7)
       ---------------------------------------------------------------
       Max CFL number:  0.89E+00 at (8,7,6)
       Max divergence:  0.93E-01 at (8,8,2)
       Min divergence: -0.26E-01 at (8,7,5)
       Max VN number :  0.21E+00 at (8,7,5)
 
       Time Step       40   May  7, 2026  08:28:36
       Step Size:  0.983E-01 s, Total Time:    6.79591 s
       Pressure Iterations: 1
       Maximum Velocity Error:  0.38E-03 on Mesh 1 at (8,7,1)
       Maximum Pressure Error:  0.74E+00 on Mesh 1 at (8,7,12)
       ---------------------------------------------------------------
       Max CFL number:  0.89E+00 at (8,8,8)
       Max divergence:  0.10E+00 at (9,7,2)
       Min divergence: -0.32E-01 at (8,7,4)
       Max VN number :  0.24E+00 at (8,7,11)
 
       Time Step       50   May  7, 2026  08:28:37
       Step Size:  0.856E-01 s, Total Time:    7.70259 s
       Pressure Iterations: 1
       Maximum Velocity Error:  0.48E-03 on Mesh 1 at (8,7,1)
       Maximum Pressure Error:  0.56E+00 on Mesh 1 at (8,8,12)
       ---------------------------------------------------------------
       Max CFL number:  0.86E+00 at (9,8,12)
       Max divergence:  0.11E+00 at (9,7,2)
       Min divergence: -0.53E-01 at (8,7,4)
       Max VN number :  0.59E+00 at (10,5,12)
 
       Time Step       60   May  7, 2026  08:28:37
       Step Size:  0.942E-01 s, Total Time:    8.63556 s
       Pressure Iterations: 1
       Maximum Velocity Error:  0.28E-03 on Mesh 1 at (7,8,1)
       Maximum Pressure Error:  0.49E+00 on Mesh 1 at (8,8,12)
       ---------------------------------------------------------------
       Max CFL number:  0.87E+00 at (8,7,10)
       Max divergence:  0.12E+00 at (9,7,2)
       Min divergence: -0.88E-01 at (8,7,5)
       Max VN number :  0.66E+00 at (5,10,12)
 
       Time Step       70   May  7, 2026  08:28:37
       Step Size:  0.942E-01 s, Total Time:    9.57709 s
       Pressure Iterations: 1
       Maximum Velocity Error:  0.84E-03 on Mesh 1 at (8,7,1)
       Maximum Pressure Error:  0.20E+00 on Mesh 1 at (8,8,12)
       ---------------------------------------------------------------
       Max CFL number:  0.89E+00 at (8,7,10)
       Max divergence:  0.14E+00 at (8,8,2)
       Min divergence: -0.91E-01 at (8,7,5)
       Max VN number :  0.58E+00 at (5,2,12)
 
       Time Step       80   May  7, 2026  08:28:38
       Step Size:  0.942E-01 s, Total Time:   10.51862 s
       Pressure Iterations: 1
       Maximum Velocity Error:  0.75E-03 on Mesh 1 at (8,6,1)
       Maximum Pressure Error:  0.20E+00 on Mesh 1 at (7,7,12)
       ---------------------------------------------------------------
       Max CFL number:  0.89E+00 at (8,7,10)
       Max divergence:  0.15E+00 at (8,8,2)
       Min divergence: -0.87E-01 at (8,7,5)
       Max VN number :  0.60E+00 at (2,11,12)
 
       Time Step       90   May  7, 2026  08:28:39
       Step Size:  0.942E-01 s, Total Time:   11.46015 s
       Pressure Iterations: 1
       Maximum Velocity Error:  0.46E-03 on Mesh 1 at (5,20,12)
       Maximum Pressure Error:  0.21E+00 on Mesh 1 at (9,7,12)
       ---------------------------------------------------------------
       Max CFL number:  0.90E+00 at (8,7,9)
       Max divergence:  0.17E+00 at (9,7,2)
       Min divergence: -0.99E-01 at (8,7,5)
       Max VN number :  0.58E+00 at (2,1,8)
 
       Time Step      100   May  7, 2026  08:28:39
       Step Size:  0.942E-01 s, Total Time:   12.40168 s
       Pressure Iterations: 1
       Maximum Velocity Error:  0.15E-02 on Mesh 1 at (8,20,12)
       Maximum Pressure Error:  0.57E+00 on Mesh 1 at (8,6,12)
       ---------------------------------------------------------------
       Max CFL number:  0.92E+00 at (8,7,9)
       Max divergence:  0.17E+00 at (8,8,2)
       Min divergence: -0.11E+00 at (8,7,6)
       Max VN number :  0.51E+00 at (2,1,7)
 
       Time Step      200   May  7, 2026  08:28:44
       Step Size:  0.847E-01 s, Total Time:   21.14824 s
       Pressure Iterations: 1
       Maximum Velocity Error:  0.28E-02 on Mesh 1 at (4,20,8)
       Maximum Pressure Error:  0.87E+00 on Mesh 1 at (8,6,12)
       ---------------------------------------------------------------
       Max CFL number:  0.91E+00 at (7,6,10)
       Max divergence:  0.30E+00 at (8,8,2)
       Min divergence: -0.11E+00 at (8,6,5)
       Max VN number :  0.47E+00 at (1,4,5)
 
       Time Step      300   May  7, 2026  08:28:48
       Step Size:  0.751E-01 s, Total Time:   28.76230 s
       Pressure Iterations: 1
       Maximum Velocity Error:  0.73E-02 on Mesh 1 at (25,6,12)
       Maximum Pressure Error:  0.98E+00 on Mesh 1 at (5,7,12)
       ---------------------------------------------------------------
       Max CFL number:  0.83E+00 at (6,6,7)
       Max divergence:  0.39E+00 at (8,7,2)
       Min divergence: -0.15E+00 at (7,7,5)
       Max VN number :  0.39E+00 at (1,3,11)
 
       Time Step      400   May  7, 2026  08:28:53
       Step Size:  0.553E-01 s, Total Time:   35.60319 s
       Pressure Iterations: 1
       Maximum Velocity Error:  0.58E-02 on Mesh 1 at (8,5,1)
       Maximum Pressure Error:  0.32E+01 on Mesh 1 at (7,7,12)
       ---------------------------------------------------------------
       Max CFL number:  0.94E+00 at (6,6,9)
       Max divergence:  0.63E+00 at (9,8,2)
       Min divergence: -0.37E+00 at (7,7,6)
       Max VN number :  0.47E+00 at (3,1,11)
 
       Time Step      500   May  7, 2026  08:28:57
       Step Size:  0.548E-01 s, Total Time:   41.25341 s
       Pressure Iterations: 1
       Maximum Velocity Error:  0.10E-01 on Mesh 1 at (25,1,11)
       Maximum Pressure Error:  0.22E+01 on Mesh 1 at (7,4,12)
       ---------------------------------------------------------------
       Max CFL number:  0.84E+00 at (7,5,12)
       Max divergence:  0.76E+00 at (8,7,2)
       Min divergence: -0.36E+00 at (7,7,6)
       Max VN number :  0.57E+00 at (1,19,8)
 
       Time Step      600   May  7, 2026  08:29:02
       Step Size:  0.467E-01 s, Total Time:   46.44511 s
       Pressure Iterations: 1
       Maximum Velocity Error:  0.61E-02 on Mesh 1 at (10,20,12)
       Maximum Pressure Error:  0.14E+02 on Mesh 1 at (8,6,12)
       ---------------------------------------------------------------
       Max CFL number:  0.91E+00 at (8,6,11)
       Max divergence:  0.10E+01 at (7,8,2)
       Min divergence: -0.32E+00 at (7,6,7)
       Max VN number :  0.58E+00 at (5,1,11)
 
       Time Step      700   May  7, 2026  08:29:06
       Step Size:  0.502E-01 s, Total Time:   51.19937 s
       Pressure Iterations: 1
       Maximum Velocity Error:  0.82E-02 on Mesh 1 at (4,20,12)
       Maximum Pressure Error:  0.51E+01 on Mesh 1 at (6,6,12)
       ---------------------------------------------------------------
       Max CFL number:  0.92E+00 at (7,6,7)
       Max divergence:  0.11E+01 at (9,7,2)
       Min divergence: -0.34E+00 at (7,6,9)
       Max VN number :  0.59E+00 at (2,19,12)
 
       Time Step      800   May  7, 2026  08:29:10
       Step Size:  0.465E-01 s, Total Time:   55.92710 s
       Pressure Iterations: 1
       Maximum Velocity Error:  0.95E-02 on Mesh 1 at (3,20,12)
       Maximum Pressure Error:  0.46E+01 on Mesh 1 at (6,8,12)
       ---------------------------------------------------------------
       Max CFL number:  0.89E+00 at (7,7,9)
       Max divergence:  0.11E+01 at (7,5,2)
       Min divergence: -0.43E+00 at (7,7,9)
       Max VN number :  0.77E+00 at (2,19,12)
 
       Time Step      900   May  7, 2026  08:29:14
       Step Size:  0.436E-01 s, Total Time:   60.48155 s
       Pressure Iterations: 1
       Maximum Velocity Error:  0.24E-01 on Mesh 1 at (25,3,12)
       Maximum Pressure Error:  0.12E+02 on Mesh 1 at (8,8,12)
       ---------------------------------------------------------------
       Max CFL number:  0.89E+00 at (6,8,7)
       Max divergence:  0.15E+01 at (7,6,2)
       Min divergence: -0.28E+00 at (8,6,6)
       Max VN number :  0.58E+00 at (4,1,7)
 
       Time Step     1000   May  7, 2026  08:29:18
       Step Size:  0.417E-01 s, Total Time:   64.82025 s
       Pressure Iterations: 1
       Maximum Velocity Error:  0.21E-01 on Mesh 1 at (8,8,1)
       Maximum Pressure Error:  0.13E+02 on Mesh 1 at (6,6,12)
       ---------------------------------------------------------------
       Max CFL number:  0.83E+00 at (6,6,10)
       Max divergence:  0.15E+01 at (7,6,2)
       Min divergence: -0.48E+00 at (6,7,8)
       Max VN number :  0.55E+00 at (3,8,12)
 
       Time Step     1100   May  7, 2026  08:29:22
       Step Size:  0.366E-01 s, Total Time:   68.62985 s
       Pressure Iterations: 1
       Maximum Velocity Error:  0.91E-01 on Mesh 1 at (8,7,1)
       Maximum Pressure Error:  0.53E+02 on Mesh 1 at (8,7,2)
       ---------------------------------------------------------------
       Max CFL number:  0.87E+00 at (7,6,10)
       Max divergence:  0.17E+01 at (7,8,2)
       Min divergence: -0.62E+00 at (7,6,8)
       Max VN number :  0.44E+00 at (11,20,6)
 
       Time Step     1200   May  7, 2026  08:29:27
       Step Size:  0.399E-01 s, Total Time:   72.51492 s
       Pressure Iterations: 1
       Maximum Velocity Error:  0.15E-01 on Mesh 1 at (7,7,1)
       Maximum Pressure Error:  0.24E+02 on Mesh 1 at (6,5,12)
       ---------------------------------------------------------------
       Max CFL number:  0.10E+01 at (7,7,9)
       Max divergence:  0.21E+01 at (6,8,2)
       Min divergence: -0.78E+00 at (7,7,10)
       Max VN number :  0.47E+00 at (7,1,8)
 
       Time Step     1300   May  7, 2026  08:29:31
       Step Size:  0.368E-01 s, Total Time:   76.18552 s
       Pressure Iterations: 1
       Maximum Velocity Error:  0.58E-01 on Mesh 1 at (7,7,1)
       Maximum Pressure Error:  0.40E+02 on Mesh 1 at (7,7,2)
       ---------------------------------------------------------------
       Max CFL number:  0.80E+00 at (5,8,9)
       Max divergence:  0.20E+01 at (6,8,2)
       Min divergence: -0.49E+00 at (5,8,11)
       Max VN number :  0.60E+00 at (2,19,12)
 
       Time Step     1400   May  7, 2026  08:29:35
       Step Size:  0.391E-01 s, Total Time:   79.90969 s
       Pressure Iterations: 2
       Maximum Velocity Error:  0.21E-01 on Mesh 1 at (7,8,1)
       Maximum Pressure Error:  0.67E+02 on Mesh 1 at (7,8,2)
       ---------------------------------------------------------------
       Max CFL number:  0.93E+00 at (5,7,9)
       Max divergence:  0.25E+01 at (7,8,2)
       Min divergence: -0.90E+00 at (7,7,6)
       Max VN number :  0.48E+00 at (4,9,1)
 
       Time Step     1500   May  7, 2026  08:29:39
       Step Size:  0.359E-01 s, Total Time:   83.51122 s
       Pressure Iterations: 2
       Maximum Velocity Error:  0.18E-01 on Mesh 1 at (7,6,1)
       Maximum Pressure Error:  0.53E+02 on Mesh 1 at (8,7,2)
       ---------------------------------------------------------------
       Max CFL number:  0.85E+00 at (7,7,8)
       Max divergence:  0.20E+01 at (6,8,2)
       Min divergence: -0.62E+00 at (7,7,9)
       Max VN number :  0.48E+00 at (26,12,10)
 
       Time Step     1600   May  7, 2026  08:29:43
       Step Size:  0.365E-01 s, Total Time:   86.99733 s
       Pressure Iterations: 1
       Maximum Velocity Error:  0.10E+00 on Mesh 1 at (8,7,1)
       Maximum Pressure Error:  0.26E+02 on Mesh 1 at (7,7,3)
       ---------------------------------------------------------------
       Max CFL number:  0.94E+00 at (7,7,5)
       Max divergence:  0.24E+01 at (9,6,2)
       Min divergence: -0.63E+00 at (7,7,8)
       Max VN number :  0.55E+00 at (1,14,7)
 
       Time Step     1700   May  7, 2026  08:29:47
       Step Size:  0.353E-01 s, Total Time:   90.32444 s
       Pressure Iterations: 2
       Maximum Velocity Error:  0.24E-01 on Mesh 1 at (7,7,1)
       Maximum Pressure Error:  0.15E+03 on Mesh 1 at (7,6,2)
       ---------------------------------------------------------------
       Max CFL number:  0.82E+00 at (7,8,9)
       Max divergence:  0.22E+01 at (9,6,2)
       Min divergence: -0.76E+00 at (8,6,2)
       Max VN number :  0.53E+00 at (26,10,10)
 
       Time Step     1800   May  7, 2026  08:29:52
       Step Size:  0.348E-01 s, Total Time:   93.68391 s
       Pressure Iterations: 2
       Maximum Velocity Error:  0.22E-01 on Mesh 1 at (7,6,1)
       Maximum Pressure Error:  0.92E+02 on Mesh 1 at (6,6,2)
       ---------------------------------------------------------------
       Max CFL number:  0.82E+00 at (6,7,7)
       Max divergence:  0.23E+01 at (9,7,2)
       Min divergence: -0.71E+00 at (8,8,2)
       Max VN number :  0.53E+00 at (1,4,11)
 
       Time Step     1900   May  7, 2026  08:29:56
       Step Size:  0.306E-01 s, Total Time:   97.12349 s
       Pressure Iterations: 2
       Maximum Velocity Error:  0.28E-01 on Mesh 1 at (8,6,1)
       Maximum Pressure Error:  0.91E+02 on Mesh 1 at (7,8,2)
       ---------------------------------------------------------------
       Max CFL number:  0.95E+00 at (6,8,11)
       Max divergence:  0.25E+01 at (9,8,2)
       Min divergence: -0.63E+00 at (6,8,10)
       Max VN number :  0.46E+00 at (26,12,10)
 
       Time Step     2000   May  7, 2026  08:30:00
       Step Size:  0.332E-01 s, Total Time:  100.49762 s
       Pressure Iterations: 2
       Maximum Velocity Error:  0.35E-01 on Mesh 1 at (6,6,1)
       Maximum Pressure Error:  0.16E+03 on Mesh 1 at (6,8,2)
       ---------------------------------------------------------------
       Max CFL number:  0.90E+00 at (7,6,12)
       Max divergence:  0.25E+01 at (9,8,2)
       Min divergence: -0.59E+00 at (6,8,2)
       Max VN number :  0.54E+00 at (20,12,12)
 
       Time Step     2100   May  7, 2026  08:30:04
       Step Size:  0.315E-01 s, Total Time:  103.86255 s
       Pressure Iterations: 2
       Maximum Velocity Error:  0.16E-01 on Mesh 1 at (8,7,1)
       Maximum Pressure Error:  0.58E+02 on Mesh 1 at (6,7,2)
       ---------------------------------------------------------------
       Max CFL number:  0.90E+00 at (6,7,12)
       Max divergence:  0.27E+01 at (7,8,2)
       Min divergence: -0.88E+00 at (8,6,6)
       Max VN number :  0.60E+00 at (2,18,12)
 
       Time Step     2200   May  7, 2026  08:30:09
       Step Size:  0.342E-01 s, Total Time:  107.08697 s
       Pressure Iterations: 2
       Maximum Velocity Error:  0.32E-01 on Mesh 1 at (6,7,1)
       Maximum Pressure Error:  0.19E+03 on Mesh 1 at (6,6,2)
       ---------------------------------------------------------------
       Max CFL number:  0.86E+00 at (7,8,12)
       Max divergence:  0.27E+01 at (9,6,2)
       Min divergence: -0.68E+00 at (8,7,2)
       Max VN number :  0.72E+00 at (26,9,10)
 
       Time Step     2300   May  7, 2026  08:30:13
       Step Size:  0.327E-01 s, Total Time:  110.39163 s
       Pressure Iterations: 2
       Maximum Velocity Error:  0.16E-01 on Mesh 1 at (8,6,1)
       Maximum Pressure Error:  0.58E+02 on Mesh 1 at (8,6,2)
       ---------------------------------------------------------------
       Max CFL number:  0.87E+00 at (5,7,9)
       Max divergence:  0.32E+01 at (10,6,2)
       Min divergence: -0.84E+00 at (6,5,5)
       Max VN number :  0.65E+00 at (1,8,11)
 
       Time Step     2400   May  7, 2026  08:30:17
       Step Size:  0.342E-01 s, Total Time:  113.66594 s
       Pressure Iterations: 1
       Maximum Velocity Error:  0.37E-01 on Mesh 1 at (6,6,1)
       Maximum Pressure Error:  0.76E+02 on Mesh 1 at (5,5,12)
       ---------------------------------------------------------------
       Max CFL number:  0.92E+00 at (6,6,8)
       Max divergence:  0.31E+01 at (5,7,4)
       Min divergence: -0.61E+00 at (8,8,2)
       Max VN number :  0.54E+00 at (2,8,12)
 
       Time Step     2500   May  7, 2026  08:30:21
       Step Size:  0.300E-01 s, Total Time:  116.80977 s
       Pressure Iterations: 2
       Maximum Velocity Error:  0.28E-01 on Mesh 1 at (6,6,1)
       Maximum Pressure Error:  0.21E+03 on Mesh 1 at (6,6,2)
       ---------------------------------------------------------------
       Max CFL number:  0.85E+00 at (5,8,12)
       Max divergence:  0.28E+01 at (9,6,2)
       Min divergence: -0.65E+00 at (7,6,8)
       Max VN number :  0.44E+00 at (10,2,12)
 
       Time Step     2600   May  7, 2026  08:30:26
       Step Size:  0.387E-01 s, Total Time:  120.10181 s
       Pressure Iterations: 2
       Maximum Velocity Error:  0.24E-01 on Mesh 1 at (8,6,1)
       Maximum Pressure Error:  0.95E+02 on Mesh 1 at (1,7,12)
       ---------------------------------------------------------------
       Max CFL number:  0.97E+00 at (6,8,8)
       Max divergence:  0.29E+01 at (9,6,2)
       Min divergence: -0.95E+00 at (8,6,2)
       Max VN number :  0.79E+00 at (24,2,12)
 
       Time Step     2700   May  7, 2026  08:30:30
       Step Size:  0.309E-01 s, Total Time:  123.63257 s
       Pressure Iterations: 2
       Maximum Velocity Error:  0.36E-01 on Mesh 1 at (7,8,1)
       Maximum Pressure Error:  0.11E+03 on Mesh 1 at (1,1,12)
       ---------------------------------------------------------------
       Max CFL number:  0.87E+00 at (6,8,10)
       Max divergence:  0.31E+01 at (7,8,2)
       Min divergence: -0.68E+00 at (9,7,2)
       Max VN number :  0.63E+00 at (4,1,7)
 
       Time Step     2800   May  7, 2026  08:30:34
       Step Size:  0.376E-01 s, Total Time:  127.00284 s
       Pressure Iterations: 2
       Maximum Velocity Error:  0.27E-01 on Mesh 1 at (8,8,1)
       Maximum Pressure Error:  0.15E+03 on Mesh 1 at (1,8,12)
       ---------------------------------------------------------------
       Max CFL number:  0.85E+00 at (6,6,10)
       Max divergence:  0.33E+01 at (6,5,2)
       Min divergence: -0.77E+00 at (8,8,2)
       Max VN number :  0.62E+00 at (3,1,7)
 
       Time Step     2900   May  7, 2026  08:30:39
       Step Size:  0.393E-01 s, Total Time:  130.66040 s
       Pressure Iterations: 2
       Maximum Velocity Error:  0.34E-01 on Mesh 1 at (9,9,1)
       Maximum Pressure Error:  0.80E+02 on Mesh 1 at (1,1,12)
       ---------------------------------------------------------------
       Max CFL number:  0.91E+00 at (7,8,9)
       Max divergence:  0.40E+01 at (7,8,8)
       Min divergence: -0.69E+00 at (6,8,5)
       Max VN number :  0.70E+00 at (1,19,10)
 
       Time Step     3000   May  7, 2026  08:30:43
       Step Size:  0.377E-01 s, Total Time:  134.25877 s
       Pressure Iterations: 2
       Maximum Velocity Error:  0.35E-01 on Mesh 1 at (6,8,1)
       Maximum Pressure Error:  0.16E+03 on Mesh 1 at (6,6,2)
       ---------------------------------------------------------------
       Max CFL number:  0.85E+00 at (6,6,7)
       Max divergence:  0.35E+01 at (6,7,4)
       Min divergence: -0.57E+00 at (7,9,3)
       Max VN number :  0.83E+00 at (26,12,10)
 
       Time Step     3100   May  7, 2026  08:30:47
       Step Size:  0.371E-01 s, Total Time:  137.80632 s
       Pressure Iterations: 1
       Maximum Velocity Error:  0.93E-01 on Mesh 1 at (7,5,1)
       Maximum Pressure Error:  0.20E+03 on Mesh 1 at (1,1,12)
       ---------------------------------------------------------------
       Max CFL number:  0.86E+00 at (8,5,12)
       Max divergence:  0.36E+01 at (5,8,7)
       Min divergence: -0.54E+00 at (7,6,5)
       Max VN number :  0.64E+00 at (32,2,11)
 
       Time Step     3200   May  7, 2026  08:30:52
       Step Size:  0.400E-01 s, Total Time:  141.57433 s
       Pressure Iterations: 2
       Maximum Velocity Error:  0.29E-01 on Mesh 1 at (6,7,1)
       Maximum Pressure Error:  0.56E+02 on Mesh 1 at (6,8,4)
       ---------------------------------------------------------------
       Max CFL number:  0.91E+00 at (7,5,8)
       Max divergence:  0.37E+01 at (7,8,5)
       Min divergence: -0.66E+00 at (7,5,8)
       Max VN number :  0.71E+00 at (32,2,11)
 
       Time Step     3300   May  7, 2026  08:30:56
       Step Size:  0.433E-01 s, Total Time:  145.61354 s
       Pressure Iterations: 2
       Maximum Velocity Error:  0.37E-01 on Mesh 1 at (6,8,1)
       Maximum Pressure Error:  0.12E+03 on Mesh 1 at (6,8,2)
       ---------------------------------------------------------------
       Max CFL number:  0.88E+00 at (6,7,9)
       Max divergence:  0.34E+01 at (6,8,3)
       Min divergence: -0.64E+00 at (7,8,2)
       Max VN number :  0.72E+00 at (26,12,9)
 
       Time Step     3400   May  7, 2026  08:31:00
       Step Size:  0.422E-01 s, Total Time:  149.87711 s
       Pressure Iterations: 2
       Maximum Velocity Error:  0.35E-01 on Mesh 1 at (10,6,1)
       Maximum Pressure Error:  0.26E+03 on Mesh 1 at (1,1,12)
       ---------------------------------------------------------------
       Max CFL number:  0.83E+00 at (6,9,11)
       Max divergence:  0.36E+01 at (6,7,3)
       Min divergence: -0.87E+00 at (5,9,4)
       Max VN number :  0.92E+00 at (26,12,10)
 
       Time Step     3500   May  7, 2026  08:31:05
       Step Size:  0.451E-01 s, Total Time:  154.21185 s
       Pressure Iterations: 2
       Maximum Velocity Error:  0.37E-01 on Mesh 1 at (7,9,1)
       Maximum Pressure Error:  0.20E+03 on Mesh 1 at (7,9,2)
       ---------------------------------------------------------------
       Max CFL number:  0.81E+00 at (6,7,8)
       Max divergence:  0.32E+01 at (7,7,5)
       Min divergence: -0.73E+00 at (9,7,2)
       Max VN number :  0.70E+00 at (26,12,9)
 
       Time Step     3600   May  7, 2026  08:31:09
       Step Size:  0.496E-01 s, Total Time:  159.01021 s
       Pressure Iterations: 2
       Maximum Velocity Error:  0.36E-01 on Mesh 1 at (9,8,1)
       Maximum Pressure Error:  0.90E+02 on Mesh 1 at (9,8,2)
       ---------------------------------------------------------------
       Max CFL number:  0.87E+00 at (4,5,12)
       Max divergence:  0.38E+01 at (10,9,2)
       Min divergence: -0.65E+00 at (9,6,2)
       Max VN number :  0.90E+00 at (26,9,10)
 
       Time Step     3700   May  7, 2026  08:31:14
       Step Size:  0.464E-01 s, Total Time:  164.06240 s
       Pressure Iterations: 2
       Maximum Velocity Error:  0.76E-01 on Mesh 1 at (10,7,1)
       Maximum Pressure Error:  0.22E+03 on Mesh 1 at (10,7,2)
       ---------------------------------------------------------------
       Max CFL number:  0.73E+00 at (3,10,11)
       Max divergence:  0.43E+01 at (5,7,2)
       Min divergence: -0.66E+00 at (15,20,3)
       Max VN number :  0.97E+00 at (26,9,10)
 
       Time Step     3800   May  7, 2026  08:31:18
       Step Size:  0.519E-01 s, Total Time:  168.89086 s
       Pressure Iterations: 2
       Maximum Velocity Error:  0.67E-01 on Mesh 1 at (10,9,1)
       Maximum Pressure Error:  0.12E+03 on Mesh 1 at (10,8,2)
       ---------------------------------------------------------------
       Max CFL number:  0.73E+00 at (25,9,10)
       Max divergence:  0.64E+01 at (10,7,2)
       Min divergence: -0.60E+00 at (10,5,2)
       Max VN number :  0.94E+00 at (28,34,12)
 
       Time Step     3900   May  7, 2026  08:31:23
       Step Size:  0.573E-01 s, Total Time:  174.15669 s
       Pressure Iterations: 4
       Maximum Velocity Error:  0.35E-01 on Mesh 1 at (10,7,1)
       Maximum Pressure Error:  0.20E+03 on Mesh 1 at (10,5,2)
       ---------------------------------------------------------------
       Max CFL number:  0.98E+00 at (10,8,2)
       Max divergence:  0.47E+01 at (4,9,1)
       Min divergence: -0.55E+00 at (10,6,2)
       Max VN number :  0.85E+00 at (26,12,1)
 
       Time Step     4000   May  7, 2026  08:31:28
       Step Size:  0.486E-01 s, Total Time:  179.32498 s
       Pressure Iterations: 2
       Maximum Velocity Error:  0.84E-01 on Mesh 1 at (10,9,1)
       Maximum Pressure Error:  0.22E+03 on Mesh 1 at (7,10,1)
       ---------------------------------------------------------------
       Max CFL number:  0.69E+00 at (9,8,8)
       Max divergence:  0.11E+02 at (10,9,2)
       Min divergence: -0.60E+00 at (7,10,1)
       Max VN number :  0.94E+00 at (3,10,1)
 
       Time Step     4100   May  7, 2026  08:31:32
       Step Size:  0.479E-01 s, Total Time:  183.48333 s
       Pressure Iterations: 2
       Maximum Velocity Error:  0.97E-01 on Mesh 1 at (10,6,1)
       Maximum Pressure Error:  0.20E+03 on Mesh 1 at (1,1,1)
       ---------------------------------------------------------------
       Max CFL number:  0.83E+00 at (15,7,1)
       Max divergence:  0.18E+02 at (10,6,2)
       Min divergence: -0.39E+00 at (7,9,2)
       Max VN number :  0.86E+00 at (15,4,1)
 
       Time Step     4200   May  7, 2026  08:31:37
       Step Size:  0.536E-01 s, Total Time:  187.24014 s
       Pressure Iterations: 2
       Maximum Velocity Error:  0.58E-01 on Mesh 1 at (9,4,1)
       Maximum Pressure Error:  0.23E+03 on Mesh 1 at (11,1,1)
       ---------------------------------------------------------------
       Max CFL number:  0.83E+00 at (14,5,1)
       Max divergence:  0.53E+01 at (11,7,2)
       Min divergence: -0.33E+00 at (9,5,2)
       Max VN number :  0.72E+00 at (13,3,1)
       No. of CLIP DT restrictions:  1
 
       Time Step     4300   May  7, 2026  08:31:41
       Step Size:  0.598E-01 s, Total Time:  192.25797 s
       Pressure Iterations: 2
       Maximum Velocity Error:  0.46E-01 on Mesh 1 at (10,9,1)
       Maximum Pressure Error:  0.14E+03 on Mesh 1 at (10,3,1)
       ---------------------------------------------------------------
       Max CFL number:  0.89E+00 at (10,6,4)
       Max divergence:  0.50E+01 at (10,6,2)
       Min divergence: -0.39E+00 at (27,14,7)
       Max VN number :  0.93E+00 at (16,15,1)
 
       Time Step     4400   May  7, 2026  08:31:46
       Step Size:  0.626E-01 s, Total Time:  197.62760 s
       Pressure Iterations: 1
       Maximum Velocity Error:  0.97E-01 on Mesh 1 at (10,8,1)
       Maximum Pressure Error:  0.15E+03 on Mesh 1 at (11,8,2)
       ---------------------------------------------------------------
       Max CFL number:  0.97E+00 at (11,8,3)
       Max divergence:  0.17E+01 at (17,11,2)
       Min divergence: -0.39E+00 at (11,8,3)
       Max VN number :  0.93E+00 at (18,11,1)
 
       Time Step     4500   May  7, 2026  08:31:50
       Step Size:  0.590E-01 s, Total Time:  202.81152 s
       Pressure Iterations: 1
       Maximum Velocity Error:  0.43E-01 on Mesh 1 at (26,20,7)
       Maximum Pressure Error:  0.76E+02 on Mesh 1 at (17,9,1)
       ---------------------------------------------------------------
       Max CFL number:  0.92E+00 at (11,3,6)
       Max divergence:  0.18E+01 at (11,5,2)
       Min divergence: -0.33E+00 at (11,6,2)
       Max VN number :  0.78E+00 at (9,3,1)
 
       Time Step     4600   May  7, 2026  08:31:55
       Step Size:  0.556E-01 s, Total Time:  208.60139 s
       Pressure Iterations: 1
       Maximum Velocity Error:  0.32E-01 on Mesh 1 at (25,13,1)
       Maximum Pressure Error:  0.11E+03 on Mesh 1 at (17,8,1)
       ---------------------------------------------------------------
       Max CFL number:  0.85E+00 at (6,7,12)
       Max divergence:  0.50E+01 at (15,5,1)
       Min divergence: -0.50E+00 at (15,6,1)
       Max VN number :  0.66E+00 at (32,2,11)
 
       Time Step     4700   May  7, 2026  08:32:00
       Step Size:  0.545E-01 s, Total Time:  213.90277 s
       Pressure Iterations: 1
       Maximum Velocity Error:  0.68E-01 on Mesh 1 at (25,13,2)
       Maximum Pressure Error:  0.80E+02 on Mesh 1 at (20,11,1)
       ---------------------------------------------------------------
       Max CFL number:  0.80E+00 at (16,6,6)
       Max divergence:  0.27E+01 at (21,12,2)
       Min divergence: -0.43E+00 at (22,12,2)
       Max VN number :  0.92E+00 at (13,6,1)
       No. of CLIP DT restrictions:  1
 
       Time Step     4800   May  7, 2026  08:32:04
       Step Size:  0.526E-01 s, Total Time:  219.23877 s
       Pressure Iterations: 1
       Maximum Velocity Error:  0.40E-01 on Mesh 1 at (26,25,8)
       Maximum Pressure Error:  0.13E+03 on Mesh 1 at (18,7,1)
       ---------------------------------------------------------------
       Max CFL number:  0.76E+00 at (22,8,1)
       Max divergence:  0.35E+01 at (19,7,1)
       Min divergence: -0.35E+00 at (17,10,1)
       Max VN number :  0.83E+00 at (18,4,1)
 
       Time Step     4900   May  7, 2026  08:32:09
       Step Size:  0.548E-01 s, Total Time:  224.74456 s
       Pressure Iterations: 2
       Maximum Velocity Error:  0.32E-01 on Mesh 1 at (25,8,3)
       Maximum Pressure Error:  0.21E+03 on Mesh 1 at (18,11,1)
       ---------------------------------------------------------------
       Max CFL number:  0.83E+00 at (18,10,1)
       Max divergence:  0.66E+01 at (19,12,1)
       Min divergence: -0.33E+00 at (18,11,1)
       Max VN number :  0.81E+00 at (16,12,1)
 
       Time Step     5000   May  7, 2026  08:32:14
       Step Size:  0.504E-01 s, Total Time:  230.13283 s
       Pressure Iterations: 1
       Maximum Velocity Error:  0.68E-01 on Mesh 1 at (26,8,4)
       Maximum Pressure Error:  0.10E+03 on Mesh 1 at (23,11,1)
       ---------------------------------------------------------------
       Max CFL number:  0.90E+00 at (21,11,10)
       Max divergence:  0.73E+01 at (25,9,4)
       Min divergence: -0.60E+00 at (23,9,2)
       Max VN number :  0.91E+00 at (22,12,1)
 
       Time Step     5100   May  7, 2026  08:32:19
       Step Size:  0.610E-01 s, Total Time:  235.80637 s
       Pressure Iterations: 1
       Maximum Velocity Error:  0.36E-01 on Mesh 1 at (25,8,1)
       Maximum Pressure Error:  0.20E+03 on Mesh 1 at (23,12,1)
       ---------------------------------------------------------------
       Max CFL number:  0.81E+00 at (23,9,2)
       Max divergence:  0.49E+01 at (23,11,2)
       Min divergence: -0.54E+00 at (24,12,3)
       Max VN number :  0.77E+00 at (25,14,8)
 
       Time Step     5200   May  7, 2026  08:32:24
       Step Size:  0.655E-01 s, Total Time:  241.76943 s
       Pressure Iterations: 2
       Maximum Velocity Error:  0.76E-01 on Mesh 1 at (32,35,4)
       Maximum Pressure Error:  0.26E+03 on Mesh 1 at (31,35,4)
       ---------------------------------------------------------------
       Max CFL number:  0.86E+00 at (25,9,1)
       Max divergence:  0.65E+01 at (26,12,2)
       Min divergence: -0.35E+00 at (31,35,4)
       Max VN number :  0.76E+00 at (33,7,10)
 
       Time Step     5300   May  7, 2026  08:32:29
       Step Size:  0.676E-01 s, Total Time:  247.95113 s
       Pressure Iterations: 2
       Maximum Velocity Error:  0.39E-01 on Mesh 1 at (25,8,1)
       Maximum Pressure Error:  0.16E+03 on Mesh 1 at (27,10,1)
       ---------------------------------------------------------------
       Max CFL number:  0.88E+00 at (25,13,7)
       Max divergence:  0.73E+01 at (27,9,1)
       Min divergence: -0.19E+00 at (47,17,2)
       Max VN number :  0.68E+00 at (47,17,2)
 
       Time Step     5400   May  7, 2026  08:32:34
       Step Size:  0.701E-01 s, Total Time:  253.82392 s
       Pressure Iterations: 2
       Maximum Velocity Error:  0.37E-01 on Mesh 1 at (26,13,3)
       Maximum Pressure Error:  0.50E+02 on Mesh 1 at (27,11,3)
       ---------------------------------------------------------------
       Max CFL number:  0.84E+00 at (27,27,12)
       Max divergence:  0.32E+01 at (27,13,3)
       Min divergence: -0.24E+00 at (28,10,2)
       Max VN number :  0.82E+00 at (34,19,11)
 
       Time Step     5500   May  7, 2026  08:32:38
       Step Size:  0.592E-01 s, Total Time:  260.00000 s
       Pressure Iterations: 1
       Maximum Velocity Error:  0.64E-01 on Mesh 1 at (26,15,11)
       Maximum Pressure Error:  0.27E+02 on Mesh 1 at (30,16,1)
       ---------------------------------------------------------------
       Max CFL number:  0.80E+00 at (27,15,10)
       Max divergence:  0.19E+01 at (28,15,5)
       Min divergence: -0.56E+00 at (30,16,1)
       Max VN number :  0.68E+00 at (27,16,6)
 


 Time Stepping Wall Clock Time (s):      244.754
 Total Elapsed Wall Clock Time (s):      246.557

STOP: FDS completed successfully (CHID: simufire_simple_house_default)
